// Jest Snapshot v1, https://goo.gl/fbAQLP

exports[`Input should match snapshot 1`] = `
<input
  id="date"
  maxLength={10}
  onChange={[Function]}
  type="input"
/>
`;
